time="2026-09-29T23:47:09-06:00" level=warning msg="Found orphan containers ([ems-benchmark-bootstrap]) for this project. If you removed or renamed this service in your compose file, you can run this command with the --remove-orphans flag to clean it up."
 Container ems-benchmark-postgres-1  Running
 Container ems-benchmark-organization-service-1  Recreate
 Container ems-benchmark-auth-service-1  Recreate
 Container ems-benchmark-employee-service-1  Recreate
 Container ems-benchmark-organization-service-1  Recreated
 Container ems-benchmark-auth-service-1  Recreated
 Container ems-benchmark-employee-service-1  Recreated
 Container ems-benchmark-attendance-service-1  Recreate
 Container ems-benchmark-scheduling-service-1  Recreate
 Container ems-benchmark-leave-service-1  Recreate
 Container ems-benchmark-leave-service-1  Recreated
 Container ems-benchmark-scheduling-service-1  Recreated
 Container ems-benchmark-attendance-service-1  Recreated
 Container ems-benchmark-payroll-service-1  Recreate
 Container ems-benchmark-payroll-service-1  Recreated
 Container ems-benchmark-gateway-service-1  Recreate
 Container ems-benchmark-gateway-service-1  Recreated
 Container ems-benchmark-postgres-1  Waiting
 Container ems-benchmark-postgres-1  Waiting
 Container ems-benchmark-postgres-1  Waiting
 Container ems-benchmark-postgres-1  Healthy
 Container ems-benchmark-postgres-1  Healthy
 Container ems-benchmark-auth-service-1  Starting
 Container ems-benchmark-employee-service-1  Starting
 Container ems-benchmark-postgres-1  Healthy
 Container ems-benchmark-organization-service-1  Starting
 Container ems-benchmark-auth-service-1  Started
 Container ems-benchmark-employee-service-1  Started
 Container ems-benchmark-postgres-1  Waiting
 Container ems-benchmark-employee-service-1  Waiting
 Container ems-benchmark-postgres-1  Waiting
 Container ems-benchmark-employee-service-1  Waiting
 Container ems-benchmark-postgres-1  Waiting
 Container ems-benchmark-employee-service-1  Waiting
 Container ems-benchmark-organization-service-1  Started
 Container ems-benchmark-postgres-1  Healthy
 Container ems-benchmark-postgres-1  Healthy
 Container ems-benchmark-postgres-1  Healthy
 Container ems-benchmark-employee-service-1  Healthy
 Container ems-benchmark-employee-service-1  Healthy
 Container ems-benchmark-employee-service-1  Healthy
 Container ems-benchmark-attendance-service-1  Starting
 Container ems-benchmark-scheduling-service-1  Starting
 Container ems-benchmark-leave-service-1  Starting
 Container ems-benchmark-leave-service-1  Started
 Container ems-benchmark-attendance-service-1  Started
 Container ems-benchmark-attendance-service-1  Waiting
 Container ems-benchmark-employee-service-1  Waiting
 Container ems-benchmark-postgres-1  Waiting
 Container ems-benchmark-scheduling-service-1  Started
 Container ems-benchmark-employee-service-1  Healthy
 Container ems-benchmark-postgres-1  Healthy
 Container ems-benchmark-attendance-service-1  Healthy
 Container ems-benchmark-payroll-service-1  Starting
 Container ems-benchmark-payroll-service-1  Started
 Container ems-benchmark-leave-service-1  Waiting
 Container ems-benchmark-organization-service-1  Waiting
 Container ems-benchmark-payroll-service-1  Waiting
 Container ems-benchmark-scheduling-service-1  Waiting
 Container ems-benchmark-attendance-service-1  Waiting
 Container ems-benchmark-auth-service-1  Waiting
 Container ems-benchmark-employee-service-1  Waiting
 Container ems-benchmark-scheduling-service-1  Healthy
 Container ems-benchmark-auth-service-1  Healthy
 Container ems-benchmark-employee-service-1  Healthy
 Container ems-benchmark-organization-service-1  Healthy
 Container ems-benchmark-attendance-service-1  Healthy
 Container ems-benchmark-leave-service-1  Healthy
 Container ems-benchmark-payroll-service-1  Healthy
 Container ems-benchmark-gateway-service-1  Starting
 Container ems-benchmark-gateway-service-1  Started
 Container ems-benchmark-attendance-service-1  Waiting
 Container ems-benchmark-payroll-service-1  Waiting
 Container ems-benchmark-postgres-1  Waiting
 Container ems-benchmark-employee-service-1  Waiting
 Container ems-benchmark-leave-service-1  Waiting
 Container ems-benchmark-auth-service-1  Waiting
 Container ems-benchmark-organization-service-1  Waiting
 Container ems-benchmark-scheduling-service-1  Waiting
 Container ems-benchmark-gateway-service-1  Waiting
 Container ems-benchmark-postgres-1  Healthy
 Container ems-benchmark-payroll-service-1  Healthy
 Container ems-benchmark-attendance-service-1  Healthy
 Container ems-benchmark-organization-service-1  Healthy
 Container ems-benchmark-employee-service-1  Healthy
 Container ems-benchmark-auth-service-1  Healthy
 Container ems-benchmark-leave-service-1  Healthy
 Container ems-benchmark-scheduling-service-1  Healthy
 Container ems-benchmark-gateway-service-1  Healthy
