
  .   ____          _            __ _ _
 /\\ / ___'_ __ _ _(_)_ __  __ _ \ \ \ \
( ( )\___ | '_ | '_| | '_ \/ _` | \ \ \ \
 \\/  ___)| |_)| | | | | || (_| |  ) ) ) )
  '  |____| .__|_| |_|_| |_\__, | / / / /
 =========|_|==============|___/=/_/_/_/

 :: Spring Boot ::                (v4.1.1)

2026-09-30T20:29:02.723Z  INFO 1 --- [ems-auth-service] [           main] c.e.e.EmsAuthServiceApplication          : Starting EmsAuthServiceApplication v0.0.1-SNAPSHOT using Java 17.0.20.1 with PID 1 (/app/app.jar started by spring in /app)
2026-09-30T20:29:02.726Z  INFO 1 --- [ems-auth-service] [           main] c.e.e.EmsAuthServiceApplication          : The following 2 profiles are active: "grpc", "bootstrap"
2026-09-30T20:29:03.611Z  INFO 1 --- [ems-auth-service] [           main] .s.d.r.c.RepositoryConfigurationDelegate : Bootstrapping Spring Data JPA repositories in DEFAULT mode.
2026-09-30T20:29:03.654Z  INFO 1 --- [ems-auth-service] [           main] .s.d.r.c.RepositoryConfigurationDelegate : Finished Spring Data repository scanning in 31 ms. Found 2 JPA repository interfaces.
2026-09-30T20:29:04.243Z  INFO 1 --- [ems-auth-service] [           main] o.s.boot.tomcat.TomcatWebServer          : Tomcat initialized with port 0 (http)
2026-09-30T20:29:04.250Z  INFO 1 --- [ems-auth-service] [           main] o.apache.catalina.core.StandardService   : Starting service [Tomcat]
2026-09-30T20:29:04.250Z  INFO 1 --- [ems-auth-service] [           main] o.apache.catalina.core.StandardEngine    : Starting Servlet engine: [Apache Tomcat/11.0.24]
2026-09-30T20:29:04.263Z  INFO 1 --- [ems-auth-service] [           main] b.w.c.s.WebApplicationContextInitializer : Root WebApplicationContext: initialization completed in 1488 ms
2026-09-30T20:29:04.536Z  INFO 1 --- [ems-auth-service] [           main] com.zaxxer.hikari.HikariDataSource       : HikariPool-1 - Starting...
2026-09-30T20:29:04.649Z  INFO 1 --- [ems-auth-service] [           main] com.zaxxer.hikari.pool.HikariPool        : HikariPool-1 - Added connection org.postgresql.jdbc.PgConnection@2cc61b3b
2026-09-30T20:29:04.650Z  INFO 1 --- [ems-auth-service] [           main] com.zaxxer.hikari.HikariDataSource       : HikariPool-1 - Start completed.
2026-09-30T20:29:04.669Z  INFO 1 --- [ems-auth-service] [           main] org.flywaydb.core.FlywayExecutor         : Database: jdbc:postgresql://postgres:5432/ems_auth_db (PostgreSQL 18.6)
2026-09-30T20:29:04.722Z  INFO 1 --- [ems-auth-service] [           main] o.f.core.internal.command.DbValidate     : Successfully validated 1 migration (execution time 00:00.017s)
2026-09-30T20:29:04.761Z  INFO 1 --- [ems-auth-service] [           main] o.f.core.internal.command.DbMigrate      : Current version of schema "public": 1
2026-09-30T20:29:04.764Z  INFO 1 --- [ems-auth-service] [           main] o.f.core.internal.command.DbMigrate      : Schema "public" is up to date. No migration necessary.
2026-09-30T20:29:04.907Z  INFO 1 --- [ems-auth-service] [           main] org.hibernate.orm.jpa                    : HHH008540: Processing PersistenceUnitInfo [name: default]
2026-09-30T20:29:04.945Z  INFO 1 --- [ems-auth-service] [           main] org.hibernate.orm.core                   : HHH000001: Hibernate ORM core version 7.4.5.Final
2026-09-30T20:29:05.195Z  INFO 1 --- [ems-auth-service] [           main] o.s.o.j.p.SpringPersistenceUnitInfo      : No LoadTimeWeaver setup: ignoring JPA class transformer
2026-09-30T20:29:05.305Z  INFO 1 --- [ems-auth-service] [           main] org.hibernate.orm.connections.pooling    : HHH10001005: Database info:
	Database JDBC URL [jdbc:postgresql://postgres:5432/ems_auth_db]
	Database driver: PostgreSQL JDBC Driver
	Database dialect: PostgreSQLDialect
	Database version: 18.6
	Default catalog/schema: ems_auth_db/public
	Autocommit mode: undefined/unknown
	Isolation level: READ_COMMITTED [default READ_COMMITTED]
	JDBC fetch size: none
	Pool: DataSourceConnectionProvider
	Minimum pool size: undefined/unknown
	Maximum pool size: undefined/unknown
2026-09-30T20:29:06.632Z  INFO 1 --- [ems-auth-service] [           main] org.hibernate.orm.core                   : HHH000489: No JTA platform available (set 'hibernate.transaction.jta.platform' to enable JTA platform integration)
2026-09-30T20:29:06.687Z  INFO 1 --- [ems-auth-service] [           main] j.LocalContainerEntityManagerFactoryBean : Initialized JPA EntityManagerFactory for persistence unit 'default'
2026-09-30T20:29:06.817Z  INFO 1 --- [ems-auth-service] [           main] o.s.d.j.r.query.QueryEnhancerFactories   : Hibernate is in classpath; If applicable, HQL parser will be used.
2026-09-30T20:29:08.206Z  INFO 1 --- [ems-auth-service] [           main] r$InitializeUserDetailsManagerConfigurer : Global AuthenticationManager configured with UserDetailsService bean with name accountUserDetailsService
2026-09-30T20:29:08.811Z  INFO 1 --- [ems-auth-service] [           main] o.s.b.a.e.web.EndpointLinksResolver      : Exposing 1 endpoint beneath base path '/actuator'
2026-09-30T20:29:08.918Z  INFO 1 --- [ems-auth-service] [           main] o.s.boot.tomcat.TomcatWebServer          : Tomcat started on port 34781 (http) with context path '/'
2026-09-30T20:29:08.925Z  INFO 1 --- [ems-auth-service] [           main] c.e.e.EmsAuthServiceApplication          : Started EmsAuthServiceApplication in 6.741 seconds (process running for 7.169)
2026-09-30T20:29:09.306Z  WARN 1 --- [ems-auth-service] [           main] o.s.core.events.SpringDocAppInitializer  : SpringDoc /v3/api-docs endpoint is enabled by default. To disable it in production, set the property 'springdoc.api-docs.enabled=false'
2026-09-30T20:29:09.306Z  WARN 1 --- [ems-auth-service] [           main] o.s.core.events.SpringDocAppInitializer  : SpringDoc /swagger-ui.html endpoint is enabled by default. To disable it in production, set the property 'springdoc.swagger-ui.enabled=false'
2026-09-30T20:29:09.314Z  INFO 1 --- [ems-auth-service] [           main] o.s.boot.tomcat.GracefulShutdown         : Commencing graceful shutdown. Waiting for active requests to complete
2026-09-30T20:29:09.336Z  INFO 1 --- [ems-auth-service] [tomcat-shutdown] o.s.boot.tomcat.GracefulShutdown         : Graceful shutdown complete
2026-09-30T20:29:09.363Z  INFO 1 --- [ems-auth-service] [           main] j.LocalContainerEntityManagerFactoryBean : Closing JPA EntityManagerFactory for persistence unit 'default'
2026-09-30T20:29:09.367Z  INFO 1 --- [ems-auth-service] [           main] com.zaxxer.hikari.HikariDataSource       : HikariPool-1 - Shutdown initiated...
2026-09-30T20:29:09.381Z  INFO 1 --- [ems-auth-service] [           main] com.zaxxer.hikari.HikariDataSource       : HikariPool-1 - Shutdown completed.
