[INFO] Scanning for projects...
[INFO] ------------------------------------------------------------------------
[INFO] Reactor Build Order:
[INFO] 
[INFO] ems-contracts                                                      [jar]
[INFO] ems-auth-service                                                   [jar]
[INFO] ems-people-service                                                 [jar]
[INFO] ems-workforce-service                                              [jar]
[INFO] ems-gateway-service                                                [jar]
[INFO] ems-integration                                                    [pom]
[INFO] 
[INFO] --------------------< com.emssystem:ems-contracts >---------------------
[INFO] Building ems-contracts 0.0.1-SNAPSHOT                              [1/6]
[INFO]   from ems-contracts/pom.xml
[INFO] --------------------------------[ jar ]---------------------------------
[WARNING] Parameter 'binaryMavenPlugins' is unknown for plugin 'protobuf-maven-plugin:5.1.8:generate (generate)'
[INFO] 
[INFO] --- protobuf:5.1.8:generate (generate) @ ems-contracts ---
[INFO] Registering "/Users/uyennguyen/Documents/projects/ems-system/ems-services/ems-contracts/target/generated-sources/protobuf" as a Maven main source root for compiler plugins
[INFO] Registering "/Users/uyennguyen/Documents/projects/ems-system/ems-services/ems-contracts/target/generated-sources/protobuf" as a Maven main source root for compiler plugins
[INFO] Found 3 proto source files and 0 descriptor files to compile, but all are up-to-date so none will be built this time
[INFO] NOTHING TO DO: There is nothing to do. If this is unexpected, review the above logs for more details.
[INFO] 
[INFO] --- resources:3.5.0:resources (default-resources) @ ems-contracts ---
[INFO] skip non existing resourceDirectory /Users/uyennguyen/Documents/projects/ems-system/ems-services/ems-contracts/src/main/resources
[INFO] skip non existing resourceDirectory /Users/uyennguyen/Documents/projects/ems-system/ems-services/ems-contracts/src/main/resources
[INFO] 
[INFO] --- compiler:3.15.0:compile (default-compile) @ ems-contracts ---
[INFO] Nothing to compile - all classes are up to date.
[INFO] 
[INFO] --- resources:3.5.0:testResources (default-testResources) @ ems-contracts ---
[INFO] Not copying test resources
[INFO] 
[INFO] --- compiler:3.15.0:testCompile (default-testCompile) @ ems-contracts ---
[INFO] Not compiling test sources
[INFO] 
[INFO] --- surefire:3.5.6:test (default-test) @ ems-contracts ---
[INFO] Tests are skipped.
[INFO] 
[INFO] --- jar:3.5.1:jar (default-jar) @ ems-contracts ---
[INFO] 
[INFO] -------------------< com.emssystem:ems-auth-service >-------------------
[INFO] Building ems-auth-service 0.0.1-SNAPSHOT                           [2/6]
[INFO]   from ems-auth-service/pom.xml
[INFO] --------------------------------[ jar ]---------------------------------
[INFO] 
[INFO] --- dependency:3.10.0:properties (default) @ ems-auth-service ---
[INFO] 
[INFO] --- resources:3.5.0:resources (default-resources) @ ems-auth-service ---
[INFO] Copying 3 resources from src/main/resources to target/classes
[INFO] Copying 1 resource from src/main/resources to target/classes
[INFO] 
[INFO] --- compiler:3.15.0:compile (default-compile) @ ems-auth-service ---
[INFO] Nothing to compile - all classes are up to date.
[INFO] 
[INFO] --- resources:3.5.0:testResources (default-testResources) @ ems-auth-service ---
[INFO] Not copying test resources
[INFO] 
[INFO] --- compiler:3.15.0:testCompile (default-testCompile) @ ems-auth-service ---
[INFO] Not compiling test sources
[INFO] 
[INFO] --- surefire:3.5.6:test (default-test) @ ems-auth-service ---
[INFO] Tests are skipped.
[INFO] 
[INFO] --- jar:3.5.1:jar (default-jar) @ ems-auth-service ---
[INFO] 
[INFO] --- spring-boot:4.1.1:repackage (repackage) @ ems-auth-service ---
[INFO] Replacing main artifact /Users/uyennguyen/Documents/projects/ems-system/ems-services/ems-auth-service/target/ems-auth-service-0.0.1-SNAPSHOT.jar with repackaged archive, adding nested dependencies in BOOT-INF/.
[INFO] The original artifact has been renamed to /Users/uyennguyen/Documents/projects/ems-system/ems-services/ems-auth-service/target/ems-auth-service-0.0.1-SNAPSHOT.jar.original
[INFO] 
[INFO] ------------------< com.emssystem:ems-people-service >------------------
[INFO] Building ems-people-service 0.0.1-SNAPSHOT                         [3/6]
[INFO]   from ems-people-service/pom.xml
[INFO] --------------------------------[ jar ]---------------------------------
[INFO] 
[INFO] --- dependency:3.10.0:properties (default) @ ems-people-service ---
[INFO] 
[INFO] --- resources:3.5.0:resources (default-resources) @ ems-people-service ---
[INFO] Copying 2 resources from src/main/resources to target/classes
[INFO] Copying 6 resources from src/main/resources to target/classes
[INFO] 
[INFO] --- compiler:3.15.0:compile (default-compile) @ ems-people-service ---
[INFO] Nothing to compile - all classes are up to date.
[INFO] 
[INFO] --- resources:3.5.0:testResources (default-testResources) @ ems-people-service ---
[INFO] Not copying test resources
[INFO] 
[INFO] --- compiler:3.15.0:testCompile (default-testCompile) @ ems-people-service ---
[INFO] Not compiling test sources
[INFO] 
[INFO] --- surefire:3.5.6:test (default-test) @ ems-people-service ---
[INFO] Tests are skipped.
[INFO] 
[INFO] --- jar:3.5.1:jar (default-jar) @ ems-people-service ---
[INFO] Building jar: /Users/uyennguyen/Documents/projects/ems-system/ems-services/ems-people-service/target/ems-people-service-0.0.1-SNAPSHOT.jar
[INFO] 
[INFO] --- spring-boot:4.1.1:repackage (repackage) @ ems-people-service ---
[INFO] Replacing main artifact /Users/uyennguyen/Documents/projects/ems-system/ems-services/ems-people-service/target/ems-people-service-0.0.1-SNAPSHOT.jar with repackaged archive, adding nested dependencies in BOOT-INF/.
[INFO] The original artifact has been renamed to /Users/uyennguyen/Documents/projects/ems-system/ems-services/ems-people-service/target/ems-people-service-0.0.1-SNAPSHOT.jar.original
[INFO] 
[INFO] ----------------< com.emssystem:ems-workforce-service >-----------------
[INFO] Building ems-workforce-service 0.0.1-SNAPSHOT                      [4/6]
[INFO]   from ems-workforce-service/pom.xml
[INFO] --------------------------------[ jar ]---------------------------------
[INFO] 
[INFO] --- dependency:3.10.0:properties (default) @ ems-workforce-service ---
[INFO] 
[INFO] --- resources:3.5.0:resources (default-resources) @ ems-workforce-service ---
[INFO] Copying 2 resources from src/main/resources to target/classes
[INFO] Copying 8 resources from src/main/resources to target/classes
[INFO] 
[INFO] --- compiler:3.15.0:compile (default-compile) @ ems-workforce-service ---
[INFO] Nothing to compile - all classes are up to date.
[INFO] 
[INFO] --- resources:3.5.0:testResources (default-testResources) @ ems-workforce-service ---
[INFO] Not copying test resources
[INFO] 
[INFO] --- compiler:3.15.0:testCompile (default-testCompile) @ ems-workforce-service ---
[INFO] Not compiling test sources
[INFO] 
[INFO] --- surefire:3.5.6:test (default-test) @ ems-workforce-service ---
[INFO] Tests are skipped.
[INFO] 
[INFO] --- jar:3.5.1:jar (default-jar) @ ems-workforce-service ---
[INFO] 
[INFO] --- spring-boot:4.1.1:repackage (repackage) @ ems-workforce-service ---
[INFO] Replacing main artifact /Users/uyennguyen/Documents/projects/ems-system/ems-services/ems-workforce-service/target/ems-workforce-service-0.0.1-SNAPSHOT.jar with repackaged archive, adding nested dependencies in BOOT-INF/.
[INFO] The original artifact has been renamed to /Users/uyennguyen/Documents/projects/ems-system/ems-services/ems-workforce-service/target/ems-workforce-service-0.0.1-SNAPSHOT.jar.original
[INFO] 
[INFO] -----------------< com.emssystem:ems-gateway-service >------------------
[INFO] Building ems-gateway-service 0.0.1-SNAPSHOT                        [5/6]
[INFO]   from ems-gateway-service/pom.xml
[INFO] --------------------------------[ jar ]---------------------------------
[INFO] 
[INFO] --- dependency:3.10.0:properties (default) @ ems-gateway-service ---
[INFO] 
[INFO] --- resources:3.5.0:resources (default-resources) @ ems-gateway-service ---
[INFO] Copying 2 resources from src/main/resources to target/classes
[INFO] Copying 0 resource from src/main/resources to target/classes
[INFO] 
[INFO] --- compiler:3.15.0:compile (default-compile) @ ems-gateway-service ---
[INFO] Nothing to compile - all classes are up to date.
[INFO] 
[INFO] --- resources:3.5.0:testResources (default-testResources) @ ems-gateway-service ---
[INFO] Not copying test resources
[INFO] 
[INFO] --- compiler:3.15.0:testCompile (default-testCompile) @ ems-gateway-service ---
[INFO] Not compiling test sources
[INFO] 
[INFO] --- surefire:3.5.6:test (default-test) @ ems-gateway-service ---
[INFO] Tests are skipped.
[INFO] 
[INFO] --- jar:3.5.1:jar (default-jar) @ ems-gateway-service ---
[INFO] 
[INFO] --- spring-boot:4.1.1:repackage (repackage) @ ems-gateway-service ---
[INFO] Replacing main artifact /Users/uyennguyen/Documents/projects/ems-system/ems-services/ems-gateway-service/target/ems-gateway-service-0.0.1-SNAPSHOT.jar with repackaged archive, adding nested dependencies in BOOT-INF/.
[INFO] The original artifact has been renamed to /Users/uyennguyen/Documents/projects/ems-system/ems-services/ems-gateway-service/target/ems-gateway-service-0.0.1-SNAPSHOT.jar.original
[INFO] 
[INFO] -------------------< com.emssystem:ems-integration >--------------------
[INFO] Building ems-integration 0.0.1-SNAPSHOT                            [6/6]
[INFO]   from pom.xml
[INFO] --------------------------------[ pom ]---------------------------------
[INFO] ------------------------------------------------------------------------
[INFO] Reactor Summary for ems-integration 0.0.1-SNAPSHOT:
[INFO] 
[INFO] ems-contracts ...................................... SUCCESS [  1.621 s]
[INFO] ems-auth-service ................................... SUCCESS [  1.398 s]
[INFO] ems-people-service ................................. SUCCESS [  1.045 s]
[INFO] ems-workforce-service .............................. SUCCESS [  0.119 s]
[INFO] ems-gateway-service ................................ SUCCESS [  0.176 s]
[INFO] ems-integration .................................... SUCCESS [  0.001 s]
[INFO] ------------------------------------------------------------------------
[INFO] BUILD SUCCESS
[INFO] ------------------------------------------------------------------------
[INFO] Total time:  5.345 s
[INFO] Finished at: 2026-09-30T14:33:21-06:00
[INFO] ------------------------------------------------------------------------
#0 building with "desktop-linux" instance using docker driver

#1 [internal] load build definition from Dockerfile
#1 transferring dockerfile: 235B done
#1 DONE 0.0s

#2 [internal] load metadata for docker.io/ems/consolidation-runtime:local
#2 DONE 0.0s

#3 [internal] load .dockerignore
#3 transferring context: 2B done
#3 DONE 0.0s

#4 [1/3] FROM docker.io/ems/consolidation-runtime:local@sha256:6b538e1c6286bfbe507c0d1ff882dccce4c8fe078cefaf608a365ba925e47ec6
#4 resolve docker.io/ems/consolidation-runtime:local@sha256:6b538e1c6286bfbe507c0d1ff882dccce4c8fe078cefaf608a365ba925e47ec6 0.0s done
#4 DONE 0.0s

#5 [internal] load build context
#5 transferring context: 84.05MB 1.0s done
#5 DONE 1.0s

#6 [2/3] WORKDIR /app
#6 CACHED

#7 [3/3] COPY --chown=spring:spring app.jar app.jar
#7 CACHED

#8 exporting to image
#8 exporting layers done
#8 exporting manifest sha256:f444ae8a615cc27505ee2ed93717a6cfb2bf4f7db1050853c97eec2de5d11a01 done
#8 exporting config sha256:801b0415f46a7515682bdbcc605e237fc1a3a507cd5ee644b5bf451940de1871 done
#8 exporting attestation manifest sha256:4ea394857f013caa29fad6834fac327e8304b4cf2dfeff9b8ca478b515068cd2 0.0s done
#8 exporting manifest list sha256:0e27b72bb74a177728391fe90a673a127d641a8db5e696491846aa6c1d11fd58 done
#8 naming to docker.io/ems/auth-service:local done
#8 unpacking to docker.io/ems/auth-service:local done
#8 DONE 0.1s

View build details: docker-desktop://dashboard/build/desktop-linux/desktop-linux/c5aeiqdsr96zm620d3wjb89ro
#0 building with "desktop-linux" instance using docker driver

#1 [internal] load build definition from Dockerfile
#1 transferring dockerfile: 235B 0.0s done
#1 DONE 0.0s

#2 [internal] load metadata for docker.io/ems/consolidation-runtime:local
#2 DONE 0.0s

#3 [internal] load .dockerignore
#3 transferring context: 2B done
#3 DONE 0.0s

#4 [1/3] FROM docker.io/ems/consolidation-runtime:local@sha256:6b538e1c6286bfbe507c0d1ff882dccce4c8fe078cefaf608a365ba925e47ec6
#4 resolve docker.io/ems/consolidation-runtime:local@sha256:6b538e1c6286bfbe507c0d1ff882dccce4c8fe078cefaf608a365ba925e47ec6 0.0s done
#4 DONE 0.0s

#5 [internal] load build context
#5 transferring context: 76.57MB 0.9s done
#5 DONE 0.9s

#6 [2/3] WORKDIR /app
#6 CACHED

#7 [3/3] COPY --chown=spring:spring app.jar app.jar
#7 DONE 0.2s

#8 exporting to image
#8 exporting layers
#8 exporting layers 1.8s done
#8 exporting manifest sha256:bc0bdee0705792c8286dc4baa9397457325a00a3edeb3392c4b6edb6d7e25237
#8 exporting manifest sha256:bc0bdee0705792c8286dc4baa9397457325a00a3edeb3392c4b6edb6d7e25237 0.0s done
#8 exporting config sha256:df4efd66ed6c14ca47f0829bfac0508a6b0ee2fe2b0ef755783d4570e26a2b77 0.0s done
#8 exporting attestation manifest sha256:e91e07a8d0624b23433dfb822c54064b71d4ef2e67bd72a561791a6a06582639 0.0s done
#8 exporting manifest list sha256:6cef1a52b9152136a3185dc860734cb2da6f62cf2ae93fbeca4af461a87e66ef 0.0s done
#8 naming to docker.io/ems/people-service:local done
#8 unpacking to docker.io/ems/people-service:local
#8 unpacking to docker.io/ems/people-service:local 0.4s done
#8 DONE 2.3s

View build details: docker-desktop://dashboard/build/desktop-linux/desktop-linux/w488imdbtx7yw9jvov9usqbje
#0 building with "desktop-linux" instance using docker driver

#1 [internal] load build definition from Dockerfile
#1 transferring dockerfile: 235B 0.0s done
#1 DONE 0.0s

#2 [internal] load metadata for docker.io/ems/consolidation-runtime:local
#2 DONE 0.0s

#3 [internal] load .dockerignore
#3 transferring context: 2B done
#3 DONE 0.0s

#4 [1/3] FROM docker.io/ems/consolidation-runtime:local@sha256:6b538e1c6286bfbe507c0d1ff882dccce4c8fe078cefaf608a365ba925e47ec6
#4 resolve docker.io/ems/consolidation-runtime:local@sha256:6b538e1c6286bfbe507c0d1ff882dccce4c8fe078cefaf608a365ba925e47ec6 0.0s done
#4 DONE 0.0s

#5 [internal] load build context
#5 transferring context: 75.47MB 0.9s done
#5 DONE 0.9s

#6 [2/3] WORKDIR /app
#6 CACHED

#7 [3/3] COPY --chown=spring:spring app.jar app.jar
#7 CACHED

#8 exporting to image
#8 exporting layers done
#8 exporting manifest sha256:71b2a591da09afad730e34b9330845cc533ca3f8014271fcb82c7ffa591c711c 0.0s done
#8 exporting config sha256:3128768acf854077e4bf9c334ea37df27b2e64c2ff8a27656b1d0b059180bac4 0.0s done
#8 exporting attestation manifest sha256:b1d8e975095023dc21d537c950e51c281df1b0cc24a3b2fdc494a4a035e6f7bc 0.0s done
#8 exporting manifest list sha256:effad4ddc954f2227ee13149f44558d7a2e7cfbf30942be4fad2bc556eeee13a done
#8 naming to docker.io/ems/workforce-service:local
#8 naming to docker.io/ems/workforce-service:local done
#8 unpacking to docker.io/ems/workforce-service:local done
#8 DONE 0.1s

View build details: docker-desktop://dashboard/build/desktop-linux/desktop-linux/cf6kh5el500yo9pl50subybgt
#0 building with "desktop-linux" instance using docker driver

#1 [internal] load build definition from Dockerfile
#1 transferring dockerfile: 235B done
#1 DONE 0.0s

#2 [internal] load metadata for docker.io/ems/consolidation-runtime:local
#2 DONE 0.0s

#3 [internal] load .dockerignore
#3 transferring context: 2B done
#3 DONE 0.0s

#4 [1/3] FROM docker.io/ems/consolidation-runtime:local@sha256:6b538e1c6286bfbe507c0d1ff882dccce4c8fe078cefaf608a365ba925e47ec6
#4 resolve docker.io/ems/consolidation-runtime:local@sha256:6b538e1c6286bfbe507c0d1ff882dccce4c8fe078cefaf608a365ba925e47ec6 done
#4 DONE 0.0s

#5 [internal] load build context
#5 transferring context: 38.90MB 0.5s done
#5 DONE 0.5s

#6 [2/3] WORKDIR /app
#6 CACHED

#7 [3/3] COPY --chown=spring:spring app.jar app.jar
#7 CACHED

#8 exporting to image
#8 exporting layers done
#8 exporting manifest sha256:c844600676dc7e0feb599b252fb1b154b45734e36e2498182c995358027620ee 0.0s done
#8 exporting config sha256:0107a5c75328838212e657d9687ac970948f74bfa5853e5cf60f73eb1291d784 done
#8 exporting attestation manifest sha256:66888d3638203b74a8754997b7376fe5c639386f3d3d0b3ffe38a0df3e72a278 0.0s done
#8 exporting manifest list sha256:d1f1ea260db97a670b53d890e945cf63e5633d7200e94828376752bc5b2b303a 0.0s done
#8 naming to docker.io/ems/gateway-service:local done
#8 unpacking to docker.io/ems/gateway-service:local done
#8 DONE 0.1s

View build details: docker-desktop://dashboard/build/desktop-linux/desktop-linux/34r7n5es8asqwm36prueahwwz
