 Container ems-integration-test-gateway-service-1  Stopping
 Container ems-integration-test-gateway-service-1  Stopped
 Container ems-integration-test-gateway-service-1  Removing
 Container ems-integration-test-gateway-service-1  Removed
 Container ems-integration-test-auth-service-1  Stopping
 Container ems-integration-test-workforce-service-1  Stopping
 Container ems-integration-test-auth-service-1  Stopped
 Container ems-integration-test-auth-service-1  Removing
 Container ems-integration-test-auth-service-1  Removed
 Container ems-integration-test-workforce-service-1  Stopped
 Container ems-integration-test-workforce-service-1  Removing
 Container ems-integration-test-workforce-service-1  Removed
 Container ems-integration-test-people-service-1  Stopping
 Container ems-integration-test-people-service-1  Stopped
 Container ems-integration-test-people-service-1  Removing
 Container ems-integration-test-people-service-1  Removed
 Container ems-integration-test-postgres-1  Stopping
 Container ems-integration-test-postgres-1  Stopped
 Container ems-integration-test-postgres-1  Removing
 Container ems-integration-test-postgres-1  Removed
 Network ems-integration-test_default  Removing
 Network ems-integration-test_default  Removed
 Volume ems-platform_consolidated-postgres-data  Creating
 Volume ems-platform_consolidated-postgres-data  Created
time="2026-09-30T14:43:32-06:00" level=warning msg="Found orphan containers ([ems-platform-payroll-service-1 ems-platform-scheduling-service-1 ems-platform-attendance-service-1 ems-platform-leave-service-1 ems-platform-employee-service-1 ems-platform-organization-service-1]) for this project. If you removed or renamed this service in your compose file, you can run this command with the --remove-orphans flag to clean it up."
 Container ems-platform-postgres-1  Recreate
 Container ems-platform-postgres-1  Recreated
 Container ems-platform-postgres-1  Starting
 Container ems-platform-postgres-1  Started
 Container ems-platform-postgres-1  Waiting
 Container ems-platform-postgres-1  Healthy
CREATE ROLE
CREATE DATABASE
CREATE ROLE
CREATE DATABASE
CREATE ROLE
CREATE DATABASE
time="2026-09-30T14:43:42-06:00" level=warning msg="Found orphan containers ([ems-platform-payroll-service-1 ems-platform-scheduling-service-1 ems-platform-attendance-service-1 ems-platform-leave-service-1 ems-platform-employee-service-1 ems-platform-organization-service-1]) for this project. If you removed or renamed this service in your compose file, you can run this command with the --remove-orphans flag to clean it up."
 Container ems-platform-postgres-1  Running
 Container ems-platform-people-service-1  Creating
 Container ems-platform-auth-service-1  Recreate
 Container ems-platform-people-service-1  Created
 Container ems-platform-workforce-service-1  Creating
 Container ems-platform-workforce-service-1  Created
 Container ems-platform-auth-service-1  Recreated
 Container ems-platform-gateway-service-1  Recreate
 Container ems-platform-gateway-service-1  Recreated
 Container ems-platform-postgres-1  Waiting
 Container ems-platform-postgres-1  Waiting
 Container ems-platform-postgres-1  Healthy
 Container ems-platform-postgres-1  Healthy
 Container ems-platform-auth-service-1  Starting
 Container ems-platform-people-service-1  Starting
 Container ems-platform-auth-service-1  Started
 Container ems-platform-people-service-1  Started
 Container ems-platform-people-service-1  Waiting
 Container ems-platform-postgres-1  Waiting
 Container ems-platform-postgres-1  Healthy
 Container ems-platform-people-service-1  Healthy
 Container ems-platform-workforce-service-1  Starting
 Container ems-platform-workforce-service-1  Started
 Container ems-platform-auth-service-1  Waiting
 Container ems-platform-people-service-1  Waiting
 Container ems-platform-workforce-service-1  Waiting
 Container ems-platform-people-service-1  Healthy
 Container ems-platform-auth-service-1  Healthy
 Container ems-platform-workforce-service-1  Healthy
 Container ems-platform-gateway-service-1  Starting
 Container ems-platform-gateway-service-1  Started
 Container ems-platform-auth-service-1  Waiting
 Container ems-platform-people-service-1  Waiting
 Container ems-platform-workforce-service-1  Waiting
 Container ems-platform-gateway-service-1  Waiting
 Container ems-platform-postgres-1  Waiting
 Container ems-platform-auth-service-1  Healthy
 Container ems-platform-workforce-service-1  Healthy
 Container ems-platform-postgres-1  Healthy
 Container ems-platform-people-service-1  Healthy
 Container ems-platform-gateway-service-1  Healthy
time="2026-09-30T14:44:17-06:00" level=warning msg="Found orphan containers ([ems-platform-payroll-service-1 ems-platform-scheduling-service-1 ems-platform-attendance-service-1 ems-platform-leave-service-1 ems-platform-employee-service-1 ems-platform-organization-service-1]) for this project. If you removed or renamed this service in your compose file, you can run this command with the --remove-orphans flag to clean it up."

  .   ____          _            __ _ _
 /\\ / ___'_ __ _ _(_)_ __  __ _ \ \ \ \
( ( )\___ | '_ | '_| | '_ \/ _` | \ \ \ \
 \\/  ___)| |_)| | | | | || (_| |  ) ) ) )
  '  |____| .__|_| |_|_| |_\__, | / / / /
 =========|_|==============|___/=/_/_/_/

 :: Spring Boot ::                (v4.1.1)

2026-09-30T20:44:18.805Z  INFO 1 --- [ems-auth-service] [           main] c.e.e.EmsAuthServiceApplication          : Starting EmsAuthServiceApplication v0.0.1-SNAPSHOT using Java 17.0.20.1 with PID 1 (/app/app.jar started by spring in /app)
2026-09-30T20:44:18.807Z  INFO 1 --- [ems-auth-service] [           main] c.e.e.EmsAuthServiceApplication          : The following 2 profiles are active: "grpc", "bootstrap"
2026-09-30T20:44:19.643Z  INFO 1 --- [ems-auth-service] [           main] .s.d.r.c.RepositoryConfigurationDelegate : Bootstrapping Spring Data JPA repositories in DEFAULT mode.
2026-09-30T20:44:19.690Z  INFO 1 --- [ems-auth-service] [           main] .s.d.r.c.RepositoryConfigurationDelegate : Finished Spring Data repository scanning in 39 ms. Found 2 JPA repository interfaces.
2026-09-30T20:44:20.333Z  INFO 1 --- [ems-auth-service] [           main] o.s.boot.tomcat.TomcatWebServer          : Tomcat initialized with port 0 (http)
2026-09-30T20:44:20.340Z  INFO 1 --- [ems-auth-service] [           main] o.apache.catalina.core.StandardService   : Starting service [Tomcat]
2026-09-30T20:44:20.340Z  INFO 1 --- [ems-auth-service] [           main] o.apache.catalina.core.StandardEngine    : Starting Servlet engine: [Apache Tomcat/11.0.24]
2026-09-30T20:44:20.354Z  INFO 1 --- [ems-auth-service] [           main] b.w.c.s.WebApplicationContextInitializer : Root WebApplicationContext: initialization completed in 1493 ms
2026-09-30T20:44:20.586Z  INFO 1 --- [ems-auth-service] [           main] com.zaxxer.hikari.HikariDataSource       : HikariPool-1 - Starting...
2026-09-30T20:44:20.740Z  INFO 1 --- [ems-auth-service] [           main] com.zaxxer.hikari.pool.HikariPool        : HikariPool-1 - Added connection org.postgresql.jdbc.PgConnection@2cc61b3b
2026-09-30T20:44:20.741Z  INFO 1 --- [ems-auth-service] [           main] com.zaxxer.hikari.HikariDataSource       : HikariPool-1 - Start completed.
2026-09-30T20:44:20.753Z  INFO 1 --- [ems-auth-service] [           main] org.flywaydb.core.FlywayExecutor         : Database: jdbc:postgresql://postgres:5432/ems_auth_db (PostgreSQL 18.6)
2026-09-30T20:44:20.794Z  INFO 1 --- [ems-auth-service] [           main] o.f.core.internal.command.DbValidate     : Successfully validated 1 migration (execution time 00:00.016s)
2026-09-30T20:44:20.819Z  INFO 1 --- [ems-auth-service] [           main] o.f.core.internal.command.DbMigrate      : Current version of schema "public": 1
2026-09-30T20:44:20.821Z  INFO 1 --- [ems-auth-service] [           main] o.f.core.internal.command.DbMigrate      : Schema "public" is up to date. No migration necessary.
2026-09-30T20:44:20.880Z  INFO 1 --- [ems-auth-service] [           main] org.hibernate.orm.jpa                    : HHH008540: Processing PersistenceUnitInfo [name: default]
2026-09-30T20:44:20.915Z  INFO 1 --- [ems-auth-service] [           main] org.hibernate.orm.core                   : HHH000001: Hibernate ORM core version 7.4.5.Final
2026-09-30T20:44:21.170Z  INFO 1 --- [ems-auth-service] [           main] o.s.o.j.p.SpringPersistenceUnitInfo      : No LoadTimeWeaver setup: ignoring JPA class transformer
2026-09-30T20:44:21.231Z  INFO 1 --- [ems-auth-service] [           main] org.hibernate.orm.connections.pooling    : HHH10001005: Database info:
	Database JDBC URL [jdbc:postgresql://postgres:5432/ems_auth_db]
	Database driver: PostgreSQL JDBC Driver
	Database dialect: PostgreSQLDialect
	Database version: 18.6
	Default catalog/schema: ems_auth_db/public
	Autocommit mode: undefined/unknown
	Isolation level: READ_COMMITTED [default READ_COMMITTED]
	JDBC fetch size: none
	Pool: DataSourceConnectionProvider
	Minimum pool size: undefined/unknown
	Maximum pool size: undefined/unknown
2026-09-30T20:44:21.711Z  INFO 1 --- [ems-auth-service] [           main] org.hibernate.orm.core                   : HHH000489: No JTA platform available (set 'hibernate.transaction.jta.platform' to enable JTA platform integration)
2026-09-30T20:44:21.732Z  INFO 1 --- [ems-auth-service] [           main] j.LocalContainerEntityManagerFactoryBean : Initialized JPA EntityManagerFactory for persistence unit 'default'
2026-09-30T20:44:21.786Z  INFO 1 --- [ems-auth-service] [           main] o.s.d.j.r.query.QueryEnhancerFactories   : Hibernate is in classpath; If applicable, HQL parser will be used.
2026-09-30T20:44:22.547Z  INFO 1 --- [ems-auth-service] [           main] r$InitializeUserDetailsManagerConfigurer : Global AuthenticationManager configured with UserDetailsService bean with name accountUserDetailsService
2026-09-30T20:44:23.410Z  INFO 1 --- [ems-auth-service] [           main] o.s.b.a.e.web.EndpointLinksResolver      : Exposing 1 endpoint beneath base path '/actuator'
2026-09-30T20:44:23.722Z  INFO 1 --- [ems-auth-service] [           main] o.s.boot.tomcat.TomcatWebServer          : Tomcat started on port 35945 (http) with context path '/'
2026-09-30T20:44:23.731Z  INFO 1 --- [ems-auth-service] [           main] c.e.e.EmsAuthServiceApplication          : Started EmsAuthServiceApplication in 5.298 seconds (process running for 5.706)
2026-09-30T20:44:24.130Z  WARN 1 --- [ems-auth-service] [           main] o.s.core.events.SpringDocAppInitializer  : SpringDoc /v3/api-docs endpoint is enabled by default. To disable it in production, set the property 'springdoc.api-docs.enabled=false'
2026-09-30T20:44:24.131Z  WARN 1 --- [ems-auth-service] [           main] o.s.core.events.SpringDocAppInitializer  : SpringDoc /swagger-ui.html endpoint is enabled by default. To disable it in production, set the property 'springdoc.swagger-ui.enabled=false'
2026-09-30T20:44:24.139Z  INFO 1 --- [ems-auth-service] [           main] o.s.boot.tomcat.GracefulShutdown         : Commencing graceful shutdown. Waiting for active requests to complete
2026-09-30T20:44:24.148Z  INFO 1 --- [ems-auth-service] [tomcat-shutdown] o.s.boot.tomcat.GracefulShutdown         : Graceful shutdown complete
2026-09-30T20:44:24.159Z  INFO 1 --- [ems-auth-service] [           main] j.LocalContainerEntityManagerFactoryBean : Closing JPA EntityManagerFactory for persistence unit 'default'
2026-09-30T20:44:24.163Z  INFO 1 --- [ems-auth-service] [           main] com.zaxxer.hikari.HikariDataSource       : HikariPool-1 - Shutdown initiated...
2026-09-30T20:44:24.182Z  INFO 1 --- [ems-auth-service] [           main] com.zaxxer.hikari.HikariDataSource       : HikariPool-1 - Shutdown completed.
