 Container ems-integration-test-gateway-service-1  Stopping
 Container ems-integration-test-gateway-service-1  Stopped
 Container ems-integration-test-gateway-service-1  Removing
 Container ems-integration-test-gateway-service-1  Removed
 Container ems-integration-test-auth-service-1  Stopping
 Container ems-integration-test-workforce-service-1  Stopping
 Container ems-integration-test-workforce-service-1  Stopped
 Container ems-integration-test-workforce-service-1  Removing
 Container ems-integration-test-workforce-service-1  Removed
 Container ems-integration-test-people-service-1  Stopping
 Container ems-integration-test-auth-service-1  Stopped
 Container ems-integration-test-auth-service-1  Removing
 Container ems-integration-test-auth-service-1  Removed
 Container ems-integration-test-people-service-1  Stopped
 Container ems-integration-test-people-service-1  Removing
 Container ems-integration-test-people-service-1  Removed
 Container ems-integration-test-postgres-1  Stopping
 Container ems-integration-test-postgres-1  Stopped
 Container ems-integration-test-postgres-1  Removing
 Container ems-integration-test-postgres-1  Removed
 Network ems-integration-test_default  Removing
 Volume ems-integration-test_consolidated-integration-data  Removing
 Volume ems-integration-test_consolidated-integration-data  Removed
 Network ems-integration-test_default  Removed
 Network ems-integration-test_default  Creating
 Network ems-integration-test_default  Created
 Volume ems-integration-test_consolidated-integration-data  Creating
 Volume ems-integration-test_consolidated-integration-data  Created
 Container ems-integration-test-postgres-1  Creating
 Container ems-integration-test-postgres-1  Created
 Container ems-integration-test-postgres-1  Starting
 Container ems-integration-test-postgres-1  Started
 Container ems-integration-test-postgres-1  Waiting
 Container ems-integration-test-postgres-1  Healthy
CREATE ROLE
CREATE DATABASE
CREATE ROLE
CREATE DATABASE
CREATE ROLE
CREATE DATABASE
 Container ems-integration-test-postgres-1  Running
 Container ems-integration-test-people-service-1  Creating
 Container ems-integration-test-auth-service-1  Creating
 Container ems-integration-test-auth-service-1  Created
 Container ems-integration-test-people-service-1  Created
 Container ems-integration-test-workforce-service-1  Creating
 Container ems-integration-test-workforce-service-1  Created
 Container ems-integration-test-gateway-service-1  Creating
 Container ems-integration-test-gateway-service-1  Created
 Container ems-integration-test-postgres-1  Waiting
 Container ems-integration-test-postgres-1  Waiting
 Container ems-integration-test-postgres-1  Healthy
 Container ems-integration-test-auth-service-1  Starting
 Container ems-integration-test-postgres-1  Healthy
 Container ems-integration-test-people-service-1  Starting
 Container ems-integration-test-auth-service-1  Started
 Container ems-integration-test-people-service-1  Started
 Container ems-integration-test-people-service-1  Waiting
 Container ems-integration-test-postgres-1  Waiting
 Container ems-integration-test-postgres-1  Healthy
 Container ems-integration-test-people-service-1  Healthy
 Container ems-integration-test-workforce-service-1  Starting
 Container ems-integration-test-workforce-service-1  Started
 Container ems-integration-test-workforce-service-1  Waiting
 Container ems-integration-test-auth-service-1  Waiting
 Container ems-integration-test-people-service-1  Waiting
 Container ems-integration-test-people-service-1  Healthy
 Container ems-integration-test-auth-service-1  Healthy
 Container ems-integration-test-workforce-service-1  Healthy
 Container ems-integration-test-gateway-service-1  Starting
 Container ems-integration-test-gateway-service-1  Started
 Container ems-integration-test-postgres-1  Waiting
 Container ems-integration-test-auth-service-1  Waiting
 Container ems-integration-test-people-service-1  Waiting
 Container ems-integration-test-workforce-service-1  Waiting
 Container ems-integration-test-gateway-service-1  Waiting
 Container ems-integration-test-auth-service-1  Healthy
 Container ems-integration-test-people-service-1  Healthy
 Container ems-integration-test-postgres-1  Healthy
 Container ems-integration-test-workforce-service-1  Healthy
 Container ems-integration-test-gateway-service-1  Healthy

  .   ____          _            __ _ _
 /\\ / ___'_ __ _ _(_)_ __  __ _ \ \ \ \
( ( )\___ | '_ | '_| | '_ \/ _` | \ \ \ \
 \\/  ___)| |_)| | | | | || (_| |  ) ) ) )
  '  |____| .__|_| |_|_| |_\__, | / / / /
 =========|_|==============|___/=/_/_/_/

 :: Spring Boot ::                (v4.1.1)

2026-09-30T20:35:07.434Z  INFO 1 --- [ems-auth-service] [           main] c.e.e.EmsAuthServiceApplication          : Starting EmsAuthServiceApplication v0.0.1-SNAPSHOT using Java 17.0.20.1 with PID 1 (/app/app.jar started by spring in /app)
2026-09-30T20:35:07.439Z  INFO 1 --- [ems-auth-service] [           main] c.e.e.EmsAuthServiceApplication          : The following 2 profiles are active: "grpc", "bootstrap"
2026-09-30T20:35:08.743Z  INFO 1 --- [ems-auth-service] [           main] .s.d.r.c.RepositoryConfigurationDelegate : Bootstrapping Spring Data JPA repositories in DEFAULT mode.
2026-09-30T20:35:08.804Z  INFO 1 --- [ems-auth-service] [           main] .s.d.r.c.RepositoryConfigurationDelegate : Finished Spring Data repository scanning in 49 ms. Found 2 JPA repository interfaces.
2026-09-30T20:35:10.541Z  INFO 1 --- [ems-auth-service] [           main] o.s.boot.tomcat.TomcatWebServer          : Tomcat initialized with port 0 (http)
2026-09-30T20:35:10.553Z  INFO 1 --- [ems-auth-service] [           main] o.apache.catalina.core.StandardService   : Starting service [Tomcat]
2026-09-30T20:35:10.553Z  INFO 1 --- [ems-auth-service] [           main] o.apache.catalina.core.StandardEngine    : Starting Servlet engine: [Apache Tomcat/11.0.24]
2026-09-30T20:35:10.580Z  INFO 1 --- [ems-auth-service] [           main] b.w.c.s.WebApplicationContextInitializer : Root WebApplicationContext: initialization completed in 3047 ms
2026-09-30T20:35:11.393Z  INFO 1 --- [ems-auth-service] [           main] com.zaxxer.hikari.HikariDataSource       : HikariPool-1 - Starting...
2026-09-30T20:35:11.711Z  INFO 1 --- [ems-auth-service] [           main] com.zaxxer.hikari.pool.HikariPool        : HikariPool-1 - Added connection org.postgresql.jdbc.PgConnection@2c0fefac
2026-09-30T20:35:11.713Z  INFO 1 --- [ems-auth-service] [           main] com.zaxxer.hikari.HikariDataSource       : HikariPool-1 - Start completed.
2026-09-30T20:35:11.731Z  INFO 1 --- [ems-auth-service] [           main] org.flywaydb.core.FlywayExecutor         : Database: jdbc:postgresql://postgres:5432/ems_auth_db (PostgreSQL 18.6)
2026-09-30T20:35:11.835Z  INFO 1 --- [ems-auth-service] [           main] o.f.core.internal.command.DbValidate     : Successfully validated 1 migration (execution time 00:00.051s)
2026-09-30T20:35:11.944Z  INFO 1 --- [ems-auth-service] [           main] o.f.core.internal.command.DbMigrate      : Current version of schema "public": 1
2026-09-30T20:35:11.972Z  INFO 1 --- [ems-auth-service] [           main] o.f.core.internal.command.DbMigrate      : Schema "public" is up to date. No migration necessary.
2026-09-30T20:35:12.568Z  INFO 1 --- [ems-auth-service] [           main] org.hibernate.orm.jpa                    : HHH008540: Processing PersistenceUnitInfo [name: default]
2026-09-30T20:35:12.815Z  INFO 1 --- [ems-auth-service] [           main] org.hibernate.orm.core                   : HHH000001: Hibernate ORM core version 7.4.5.Final
2026-09-30T20:35:13.398Z  INFO 1 --- [ems-auth-service] [           main] o.s.o.j.p.SpringPersistenceUnitInfo      : No LoadTimeWeaver setup: ignoring JPA class transformer
2026-09-30T20:35:13.616Z  INFO 1 --- [ems-auth-service] [           main] org.hibernate.orm.connections.pooling    : HHH10001005: Database info:
	Database JDBC URL [jdbc:postgresql://postgres:5432/ems_auth_db]
	Database driver: PostgreSQL JDBC Driver
	Database dialect: PostgreSQLDialect
	Database version: 18.6
	Default catalog/schema: ems_auth_db/public
	Autocommit mode: undefined/unknown
	Isolation level: READ_COMMITTED [default READ_COMMITTED]
	JDBC fetch size: none
	Pool: DataSourceConnectionProvider
	Minimum pool size: undefined/unknown
	Maximum pool size: undefined/unknown
2026-09-30T20:35:14.946Z  INFO 1 --- [ems-auth-service] [           main] org.hibernate.orm.core                   : HHH000489: No JTA platform available (set 'hibernate.transaction.jta.platform' to enable JTA platform integration)
2026-09-30T20:35:14.998Z  INFO 1 --- [ems-auth-service] [           main] j.LocalContainerEntityManagerFactoryBean : Initialized JPA EntityManagerFactory for persistence unit 'default'
2026-09-30T20:35:15.081Z  INFO 1 --- [ems-auth-service] [           main] o.s.d.j.r.query.QueryEnhancerFactories   : Hibernate is in classpath; If applicable, HQL parser will be used.
2026-09-30T20:35:16.366Z  INFO 1 --- [ems-auth-service] [           main] r$InitializeUserDetailsManagerConfigurer : Global AuthenticationManager configured with UserDetailsService bean with name accountUserDetailsService
2026-09-30T20:35:16.968Z  INFO 1 --- [ems-auth-service] [           main] o.s.b.a.e.web.EndpointLinksResolver      : Exposing 1 endpoint beneath base path '/actuator'
2026-09-30T20:35:17.314Z  INFO 1 --- [ems-auth-service] [           main] o.s.boot.tomcat.TomcatWebServer          : Tomcat started on port 39247 (http) with context path '/'
2026-09-30T20:35:17.353Z  INFO 1 --- [ems-auth-service] [           main] c.e.e.EmsAuthServiceApplication          : Started EmsAuthServiceApplication in 10.487 seconds (process running for 11.319)
2026-09-30T20:35:18.517Z  WARN 1 --- [ems-auth-service] [           main] o.s.core.events.SpringDocAppInitializer  : SpringDoc /v3/api-docs endpoint is enabled by default. To disable it in production, set the property 'springdoc.api-docs.enabled=false'
2026-09-30T20:35:18.517Z  WARN 1 --- [ems-auth-service] [           main] o.s.core.events.SpringDocAppInitializer  : SpringDoc /swagger-ui.html endpoint is enabled by default. To disable it in production, set the property 'springdoc.swagger-ui.enabled=false'
2026-09-30T20:35:18.522Z  INFO 1 --- [ems-auth-service] [           main] o.s.boot.tomcat.GracefulShutdown         : Commencing graceful shutdown. Waiting for active requests to complete
2026-09-30T20:35:18.527Z  INFO 1 --- [ems-auth-service] [tomcat-shutdown] o.s.boot.tomcat.GracefulShutdown         : Graceful shutdown complete
2026-09-30T20:35:18.542Z  INFO 1 --- [ems-auth-service] [           main] j.LocalContainerEntityManagerFactoryBean : Closing JPA EntityManagerFactory for persistence unit 'default'
2026-09-30T20:35:18.549Z  INFO 1 --- [ems-auth-service] [           main] com.zaxxer.hikari.HikariDataSource       : HikariPool-1 - Shutdown initiated...
2026-09-30T20:35:18.568Z  INFO 1 --- [ems-auth-service] [           main] com.zaxxer.hikari.HikariDataSource       : HikariPool-1 - Shutdown completed.
{"employees": ["000001", "000002"], "departmentId": 1, "publishedShiftId": 1, "ptoTypeId": 1, "accountLinksVerified": true}
