 Container ems-integration-test-postgres-1  Running
 Container ems-integration-test-people-service-1  Creating
 Container ems-integration-test-auth-service-1  Creating
 Container ems-integration-test-auth-service-1  Created
 Container ems-integration-test-people-service-1  Created
 Container ems-integration-test-workforce-service-1  Creating
 Container ems-integration-test-workforce-service-1  Created
 Container ems-integration-test-gateway-service-1  Creating
 Container ems-integration-test-gateway-service-1  Created
 Container ems-integration-test-postgres-1  Waiting
 Container ems-integration-test-postgres-1  Waiting
 Container ems-integration-test-postgres-1  Healthy
 Container ems-integration-test-auth-service-1  Starting
 Container ems-integration-test-postgres-1  Healthy
 Container ems-integration-test-people-service-1  Starting
 Container ems-integration-test-auth-service-1  Started
 Container ems-integration-test-people-service-1  Started
 Container ems-integration-test-postgres-1  Waiting
 Container ems-integration-test-people-service-1  Waiting
 Container ems-integration-test-postgres-1  Healthy
 Container ems-integration-test-people-service-1  Healthy
 Container ems-integration-test-workforce-service-1  Starting
 Container ems-integration-test-workforce-service-1  Started
 Container ems-integration-test-people-service-1  Waiting
 Container ems-integration-test-workforce-service-1  Waiting
 Container ems-integration-test-auth-service-1  Waiting
 Container ems-integration-test-auth-service-1  Healthy
 Container ems-integration-test-people-service-1  Healthy
 Container ems-integration-test-workforce-service-1  Healthy
 Container ems-integration-test-gateway-service-1  Starting
 Container ems-integration-test-gateway-service-1  Started
 Container ems-integration-test-gateway-service-1  Waiting
 Container ems-integration-test-postgres-1  Waiting
 Container ems-integration-test-auth-service-1  Waiting
 Container ems-integration-test-people-service-1  Waiting
 Container ems-integration-test-workforce-service-1  Waiting
 Container ems-integration-test-postgres-1  Healthy
 Container ems-integration-test-people-service-1  Healthy
 Container ems-integration-test-auth-service-1  Healthy
 Container ems-integration-test-workforce-service-1  Healthy
 Container ems-integration-test-gateway-service-1  Healthy
